#-----------------------------------------------------------
# Vivado v2020.1 (64-bit)
# SW Build 2902540 on Wed May 27 19:54:49 MDT 2020
# IP Build 2902112 on Wed May 27 22:43:36 MDT 2020
# Start of session at: Tue Nov  3 11:44:24 2020
# Process ID: 7496
# Current directory: C:/Users/robbe/Documents/School/2020-2021/DigitaalOntwerp/Labo/DigitaalOntwerp1/labo3
# Command line: vivado.exe -gui_launcher_event rodinguilauncherevent2520 C:\Users\robbe\Documents\School\2020-2021\DigitaalOntwerp\Labo\DigitaalOntwerp1\labo3\labo3.xpr
# Log file: C:/Users/robbe/Documents/School/2020-2021/DigitaalOntwerp/Labo/DigitaalOntwerp1/labo3/vivado.log
# Journal file: C:/Users/robbe/Documents/School/2020-2021/DigitaalOntwerp/Labo/DigitaalOntwerp1/labo3\vivado.jou
#-----------------------------------------------------------
start_gui
open_project C:/Users/robbe/Documents/School/2020-2021/DigitaalOntwerp/Labo/DigitaalOntwerp1/labo3/labo3.xpr
update_compile_order -fileset sources_1
update_compile_order -fileset sources_1
update_compile_order -fileset sources_1
set_property top basic_register_tb [get_filesets sim_1]
set_property top_lib xil_defaultlib [get_filesets sim_1]
update_compile_order -fileset sim_1
launch_simulation
source basic_register_tb.tcl
close_sim
set_property top updown_counter_tb [get_filesets sim_1]
set_property top_lib xil_defaultlib [get_filesets sim_1]
update_compile_order -fileset sim_1
launch_simulation
source updown_counter_tb.tcl
